<html>
<body>
<pre>
<h1>µVision Build Log</h1>
<h2>Tool Versions:</h2>
IDE-Version: µVision V5.29.0.0
Copyright (C) 2019 ARM Ltd and ARM Germany GmbH. All rights reserved.
License Information: dat phan, abc, LIC=----
 
Tool Versions:
Toolchain:       MDK-Lite  Version: 5.29.0.0
Toolchain Path:  C:\Keil_v5\ARM\ARMCC\Bin
C Compiler:      Armcc.exe V5.06 update 6 (build 750)
Assembler:       Armasm.exe V5.06 update 6 (build 750)
Linker/Locator:  ArmLink.exe V5.06 update 6 (build 750)
Library Manager: ArmAr.exe V5.06 update 6 (build 750)
Hex Converter:   FromElf.exe V5.06 update 6 (build 750)
CPU DLL:         SARMCM3.DLL V5.29.0.0
Dialog DLL:      DCM.DLL V1.17.3.0
Target DLL:      STLink\ST-LINKIII-KEIL_SWO.dll V3.0.7.0
Dialog DLL:      TCM.DLL V1.36.5.0
 
<h2>Project:</h2>
D:\DoAn1\stm32f1\Example_Stm32f1_D\i2c_stm32f1\MDK-ARM\i2c_stm32f1.uvprojx
Project File Date:  05/05/2021

<h2>Output:</h2>
*** Using Compiler 'V5.06 update 6 (build 750)', folder: 'C:\Keil_v5\ARM\ARMCC\Bin'
Rebuild target 'i2c_stm32f1'
assembling startup_stm32f103xb.s...
compiling usart.c...
compiling gpio.c...
compiling i2c.c...
compiling main.c...
.\oled\ssd1306.h(238): warning:  #1295-D: Deprecated declaration ssd1306_I2C_Init - give arg types
  void ssd1306_I2C_Init();
../Src/main.c(102): warning:  #188-D: enumerated type mixed with another type
  	SSD1306_Puts ("HELLO", &Font_11x18, 1); // print Hello 
../Src/main.c(104): warning:  #188-D: enumerated type mixed with another type
  	SSD1306_Puts ("WORLD !!", &Font_11x18, 1); 
../Src/main.c: 3 warnings, 0 errors
compiling stm32f1xx_hal_msp.c...
compiling stm32f1xx_it.c...
compiling fonts.c...
compiling ssd1306.c...
oled\ssd1306.h(238): warning:  #1295-D: Deprecated declaration ssd1306_I2C_Init - give arg types
  void ssd1306_I2C_Init();
oled\ssd1306.c(152): warning:  #188-D: enumerated type mixed with another type
              if(byte & 0x80) SSD1306_DrawPixel(x+i, y, color);
oled\ssd1306.c(606): warning:  #188-D: enumerated type mixed with another type
  	SSD1306_Fill (0);
oled\ssd1306.c: 3 warnings, 0 errors
compiling stm32f1xx_hal_gpio_ex.c...
compiling stm32f1xx_hal_tim.c...
compiling test.c...
oled\ssd1306.h(238): warning:  #1295-D: Deprecated declaration ssd1306_I2C_Init - give arg types
  void ssd1306_I2C_Init();
oled\test.c(23): warning:  #188-D: enumerated type mixed with another type
      		SSD1306_DrawLine(x1, y1, x2, y2, color);
oled\test.c(30): warning:  #188-D: enumerated type mixed with another type
      		SSD1306_DrawLine(x1, y1, x2, y2, color);
oled\test.c(45): warning:  #188-D: enumerated type mixed with another type
      		SSD1306_DrawLine(x1, y1, x2, y2, color);
oled\test.c(52): warning:  #188-D: enumerated type mixed with another type
      		SSD1306_DrawLine(x1, y1, x2, y2, color);
oled\test.c(67): warning:  #188-D: enumerated type mixed with another type
      	SSD1306_DrawLine(x1, y1, x2, y2, color);
oled\test.c(74): warning:  #188-D: enumerated type mixed with another type
      		SSD1306_DrawLine(x1, y1, x2, y2, color);
oled\test.c(89): warning:  #188-D: enumerated type mixed with another type
      		SSD1306_DrawLine(x1, y1, x2, y2, color);
oled\test.c(96): warning:  #188-D: enumerated type mixed with another type
      		SSD1306_DrawLine(x1, y1, x2, y2, color);
oled\test.c(114): warning:  #188-D: enumerated type mixed with another type
          SSD1306_DrawRectangle((SSD1306_WIDTH/2) - i2, (SSD1306_HEIGHT/2) - i2, i, i, color);
oled\test.c(132): warning:  #188-D: enumerated type mixed with another type
          SSD1306_DrawFilledRectangle(cx - i2, cy - i2, i, i, color);
oled\test.c(148): warning:  #188-D: enumerated type mixed with another type
              SSD1306_DrawFilledCircle(x, y, radius, color);
oled\test.c(167): warning:  #188-D: enumerated type mixed with another type
              SSD1306_DrawCircle(x, y, radius, color);
oled\test.c(184): warning:  #188-D: enumerated type mixed with another type
          SSD1306_DrawTriangle(cx , cy - i, cx - i, cy + i, cx + i, cy + i, color);
oled\test.c: 14 warnings, 0 errors
compiling stm32f1xx_hal_i2c.c...
compiling stm32f1xx_hal_tim_ex.c...
compiling stm32f1xx_hal.c...
compiling stm32f1xx_hal_uart.c...
compiling stm32f1xx_hal_rcc.c...
compiling stm32f1xx_hal_gpio.c...
compiling stm32f1xx_hal_rcc_ex.c...
compiling stm32f1xx_hal_cortex.c...
compiling stm32f1xx_hal_dma.c...
compiling stm32f1xx_hal_exti.c...
compiling stm32f1xx_hal_flash.c...
compiling stm32f1xx_hal_flash_ex.c...
compiling stm32f1xx_hal_pwr.c...
compiling system_stm32f1xx.c...
linking...
Program Size: Code=9496 RO-data=3712 RW-data=32 ZI-data=2280  
FromELF: creating hex file...
"i2c_stm32f1\i2c_stm32f1.axf" - 0 Error(s), 20 Warning(s).

<h2>Software Packages used:</h2>

Package Vendor: ARM
                http://www.keil.com/pack/ARM.CMSIS.5.6.0.pack
                ARM.CMSIS.5.6.0
                CMSIS (Cortex Microcontroller Software Interface Standard)
   * Component: CORE Version: 5.3.0

Package Vendor: Keil
                http://www.keil.com/pack/Keil.STM32F1xx_DFP.2.3.0.pack
                Keil.STM32F1xx_DFP.2.3.0
                STMicroelectronics STM32F1 Series Device Support, Drivers and Examples

<h2>Collection of Component include folders:</h2>
  .\RTE\_i2c_stm32f1
  C:\Users\PC\AppData\Local\Arm\Packs\ARM\CMSIS\5.6.0\CMSIS\Core\Include
  C:\Users\PC\AppData\Local\Arm\Packs\Keil\STM32F1xx_DFP\2.3.0\Device\Include

<h2>Collection of Component Files used:</h2>

   * Component: ARM::CMSIS:CORE:5.3.0
Build Time Elapsed:  00:00:27
</pre>
</body>
</html>
